Archive member included because of file (symbol)

/home/vbhadra/Downloads/SimplicityStudio_v4/developer/toolchains/gnu_arm/4.8_2013q4/bin/../lib/gcc/arm-none-eabi/4.8.3/armv7e-m/softfp/libgcc.a(_aeabi_uldivmod.o)
                              ./emlib/em_usart.o (__aeabi_uldivmod)
/home/vbhadra/Downloads/SimplicityStudio_v4/developer/toolchains/gnu_arm/4.8_2013q4/bin/../lib/gcc/arm-none-eabi/4.8.3/armv7e-m/softfp/libgcc.a(bpabi.o)
                              /home/vbhadra/Downloads/SimplicityStudio_v4/developer/toolchains/gnu_arm/4.8_2013q4/bin/../lib/gcc/arm-none-eabi/4.8.3/armv7e-m/softfp/libgcc.a(_aeabi_uldivmod.o) (__gnu_uldivmod_helper)
/home/vbhadra/Downloads/SimplicityStudio_v4/developer/toolchains/gnu_arm/4.8_2013q4/bin/../lib/gcc/arm-none-eabi/4.8.3/armv7e-m/softfp/libgcc.a(_dvmd_tls.o)
                              /home/vbhadra/Downloads/SimplicityStudio_v4/developer/toolchains/gnu_arm/4.8_2013q4/bin/../lib/gcc/arm-none-eabi/4.8.3/armv7e-m/softfp/libgcc.a(_aeabi_uldivmod.o) (__aeabi_ldiv0)
/home/vbhadra/Downloads/SimplicityStudio_v4/developer/toolchains/gnu_arm/4.8_2013q4/bin/../lib/gcc/arm-none-eabi/4.8.3/armv7e-m/softfp/libgcc.a(_divdi3.o)
                              /home/vbhadra/Downloads/SimplicityStudio_v4/developer/toolchains/gnu_arm/4.8_2013q4/bin/../lib/gcc/arm-none-eabi/4.8.3/armv7e-m/softfp/libgcc.a(bpabi.o) (__divdi3)
/home/vbhadra/Downloads/SimplicityStudio_v4/developer/toolchains/gnu_arm/4.8_2013q4/bin/../lib/gcc/arm-none-eabi/4.8.3/armv7e-m/softfp/libgcc.a(_udivdi3.o)
                              /home/vbhadra/Downloads/SimplicityStudio_v4/developer/toolchains/gnu_arm/4.8_2013q4/bin/../lib/gcc/arm-none-eabi/4.8.3/armv7e-m/softfp/libgcc.a(bpabi.o) (__udivdi3)
/home/vbhadra/Downloads/SimplicityStudio_v4/developer/toolchains/gnu_arm/4.8_2013q4/bin/../lib/gcc/arm-none-eabi/4.8.3/../../../../arm-none-eabi/lib/armv7e-m/softfp/libc_s.a(lib_a-exit.o)
                              /home/vbhadra/Downloads/SimplicityStudio_v4/developer/toolchains/gnu_arm/4.8_2013q4/bin/../lib/gcc/arm-none-eabi/4.8.3/../../../../arm-none-eabi/lib/armv7e-m/softfp/crt0.o (exit)
/home/vbhadra/Downloads/SimplicityStudio_v4/developer/toolchains/gnu_arm/4.8_2013q4/bin/../lib/gcc/arm-none-eabi/4.8.3/../../../../arm-none-eabi/lib/armv7e-m/softfp/libc_s.a(lib_a-impure.o)
                              /home/vbhadra/Downloads/SimplicityStudio_v4/developer/toolchains/gnu_arm/4.8_2013q4/bin/../lib/gcc/arm-none-eabi/4.8.3/../../../../arm-none-eabi/lib/armv7e-m/softfp/libc_s.a(lib_a-exit.o) (_global_impure_ptr)
/home/vbhadra/Downloads/SimplicityStudio_v4/developer/toolchains/gnu_arm/4.8_2013q4/bin/../lib/gcc/arm-none-eabi/4.8.3/../../../../arm-none-eabi/lib/armv7e-m/softfp/libc_s.a(lib_a-init.o)
                              /home/vbhadra/Downloads/SimplicityStudio_v4/developer/toolchains/gnu_arm/4.8_2013q4/bin/../lib/gcc/arm-none-eabi/4.8.3/../../../../arm-none-eabi/lib/armv7e-m/softfp/crt0.o (__libc_init_array)
/home/vbhadra/Downloads/SimplicityStudio_v4/developer/toolchains/gnu_arm/4.8_2013q4/bin/../lib/gcc/arm-none-eabi/4.8.3/../../../../arm-none-eabi/lib/armv7e-m/softfp/libc_s.a(lib_a-memcpy-stub.o)
                              ./emlib/em_crypto.o (memcpy)
/home/vbhadra/Downloads/SimplicityStudio_v4/developer/toolchains/gnu_arm/4.8_2013q4/bin/../lib/gcc/arm-none-eabi/4.8.3/../../../../arm-none-eabi/lib/armv7e-m/softfp/libc_s.a(lib_a-memset.o)
                              /home/vbhadra/Downloads/SimplicityStudio_v4/developer/toolchains/gnu_arm/4.8_2013q4/bin/../lib/gcc/arm-none-eabi/4.8.3/../../../../arm-none-eabi/lib/armv7e-m/softfp/crt0.o (memset)
/home/vbhadra/Downloads/SimplicityStudio_v4/developer/toolchains/gnu_arm/4.8_2013q4/bin/../lib/gcc/arm-none-eabi/4.8.3/../../../../arm-none-eabi/lib/armv7e-m/softfp/libnosys.a(_exit.o)
                              /home/vbhadra/Downloads/SimplicityStudio_v4/developer/toolchains/gnu_arm/4.8_2013q4/bin/../lib/gcc/arm-none-eabi/4.8.3/../../../../arm-none-eabi/lib/armv7e-m/softfp/libc_s.a(lib_a-exit.o) (_exit)

Discarded input sections

 .text          0x00000000        0x0 /home/vbhadra/Downloads/SimplicityStudio_v4/developer/toolchains/gnu_arm/4.8_2013q4/bin/../lib/gcc/arm-none-eabi/4.8.3/armv7e-m/softfp/crti.o
 .data          0x00000000        0x0 /home/vbhadra/Downloads/SimplicityStudio_v4/developer/toolchains/gnu_arm/4.8_2013q4/bin/../lib/gcc/arm-none-eabi/4.8.3/armv7e-m/softfp/crti.o
 .bss           0x00000000        0x0 /home/vbhadra/Downloads/SimplicityStudio_v4/developer/toolchains/gnu_arm/4.8_2013q4/bin/../lib/gcc/arm-none-eabi/4.8.3/armv7e-m/softfp/crti.o
 .data          0x00000000        0x4 /home/vbhadra/Downloads/SimplicityStudio_v4/developer/toolchains/gnu_arm/4.8_2013q4/bin/../lib/gcc/arm-none-eabi/4.8.3/armv7e-m/softfp/crtbegin.o
 .data          0x00000000        0x0 /home/vbhadra/Downloads/SimplicityStudio_v4/developer/toolchains/gnu_arm/4.8_2013q4/bin/../lib/gcc/arm-none-eabi/4.8.3/../../../../arm-none-eabi/lib/armv7e-m/softfp/crt0.o
[...]
Memory Configuration

Name             Origin             Length             Attributes
FLASH            0x00000000         0x00040000         xr
RAM              0x20000000         0x00008000         xrw
*default*        0x00000000         0xffffffff

Linker script and memory map

LOAD /home/vbhadra/Downloads/SimplicityStudio_v4/developer/toolchains/gnu_arm/4.8_2013q4/bin/../lib/gcc/arm-none-eabi/4.8.3/armv7e-m/softfp/crti.o
LOAD /home/vbhadra/Downloads/SimplicityStudio_v4/developer/toolchains/gnu_arm/4.8_2013q4/bin/../lib/gcc/arm-none-eabi/4.8.3/armv7e-m/softfp/crtbegin.o
LOAD /home/vbhadra/Downloads/SimplicityStudio_v4/developer/toolchains/gnu_arm/4.8_2013q4/bin/../lib/gcc/arm-none-eabi/4.8.3/../../../../arm-none-eabi/lib/armv7e-m/softfp/crt0.o
LOAD ./CMSIS/EFR32BG1B/startup_gcc_efr32bg1b.o
LOAD ./CMSIS/EFR32BG1B/system_efr32bg1b.o
LOAD ./emlib/em_acmp.o
LOAD ./emlib/em_adc.o
LOAD ./emlib/em_aes.o
LOAD ./emlib/em_assert.o
LOAD ./emlib/em_burtc.o
LOAD ./emlib/em_can.o
LOAD ./emlib/em_cmu.o
LOAD ./emlib/em_core.o
LOAD ./emlib/em_cryotimer.o
LOAD ./emlib/em_crypto.o
LOAD ./emlib/em_csen.o
LOAD ./emlib/em_dac.o
LOAD ./emlib/em_dbg.o
LOAD ./emlib/em_dma.o
LOAD ./emlib/em_ebi.o
LOAD ./emlib/em_emu.o
LOAD ./emlib/em_eusart.o
LOAD ./emlib/em_gpcrc.o
LOAD ./emlib/em_gpio.o
LOAD ./emlib/em_i2c.o
LOAD ./emlib/em_iadc.o
LOAD ./emlib/em_idac.o
LOAD ./emlib/em_int.o
LOAD ./emlib/em_lcd.o
LOAD ./emlib/em_ldma.o
LOAD ./emlib/em_lesense.o
LOAD ./emlib/em_letimer.o
LOAD ./emlib/em_leuart.o
LOAD ./emlib/em_mpu.o
LOAD ./emlib/em_msc.o
LOAD ./emlib/em_opamp.o
LOAD ./emlib/em_pcnt.o
LOAD ./emlib/em_pdm.o
LOAD ./emlib/em_prs.o
LOAD ./emlib/em_qspi.o
LOAD ./emlib/em_rmu.o
LOAD ./emlib/em_rtc.o
LOAD ./emlib/em_rtcc.o
LOAD ./emlib/em_se.o
LOAD ./emlib/em_system.o
LOAD ./emlib/em_timer.o
LOAD ./emlib/em_usart.o
LOAD ./emlib/em_vcmp.o
LOAD ./emlib/em_vdac.o
LOAD ./emlib/em_wdog.o
LOAD ./src/main.o
START GROUP
LOAD /home/vbhadra/Downloads/SimplicityStudio_v4/developer/toolchains/gnu_arm/4.8_2013q4/bin/../lib/gcc/arm-none-eabi/4.8.3/armv7e-m/softfp/libgcc.a
LOAD /home/vbhadra/Downloads/SimplicityStudio_v4/developer/toolchains/gnu_arm/4.8_2013q4/bin/../lib/gcc/arm-none-eabi/4.8.3/../../../../arm-none-eabi/lib/armv7e-m/softfp/libc_s.a
LOAD /home/vbhadra/Downloads/SimplicityStudio_v4/developer/toolchains/gnu_arm/4.8_2013q4/bin/../lib/gcc/arm-none-eabi/4.8.3/../../../../arm-none-eabi/lib/armv7e-m/softfp/libnosys.a
END GROUP
START GROUP
LOAD /home/vbhadra/Downloads/SimplicityStudio_v4/developer/toolchains/gnu_arm/4.8_2013q4/bin/../lib/gcc/arm-none-eabi/4.8.3/armv7e-m/softfp/libgcc.a
LOAD /home/vbhadra/Downloads/SimplicityStudio_v4/developer/toolchains/gnu_arm/4.8_2013q4/bin/../lib/gcc/arm-none-eabi/4.8.3/../../../../arm-none-eabi/lib/armv7e-m/softfp/libg_s.a
LOAD /home/vbhadra/Downloads/SimplicityStudio_v4/developer/toolchains/gnu_arm/4.8_2013q4/bin/../lib/gcc/arm-none-eabi/4.8.3/../../../../arm-none-eabi/lib/armv7e-m/softfp/libc_s.a
END GROUP
START GROUP
LOAD /home/vbhadra/Downloads/SimplicityStudio_v4/developer/toolchains/gnu_arm/4.8_2013q4/bin/../lib/gcc/arm-none-eabi/4.8.3/armv7e-m/softfp/libgcc.a
LOAD /home/vbhadra/Downloads/SimplicityStudio_v4/developer/toolchains/gnu_arm/4.8_2013q4/bin/../lib/gcc/arm-none-eabi/4.8.3/../../../../arm-none-eabi/lib/armv7e-m/softfp/libc_s.a
END GROUP
LOAD /home/vbhadra/Downloads/SimplicityStudio_v4/developer/toolchains/gnu_arm/4.8_2013q4/bin/../lib/gcc/arm-none-eabi/4.8.3/armv7e-m/softfp/crtend.o
LOAD /home/vbhadra/Downloads/SimplicityStudio_v4/developer/toolchains/gnu_arm/4.8_2013q4/bin/../lib/gcc/arm-none-eabi/4.8.3/armv7e-m/softfp/crtn.o

.text           0x00000000     0x1178
 *(.vectors)
 .vectors       0x00000000       0xc8 ./CMSIS/EFR32BG1B/startup_gcc_efr32bg1b.o
                0x00000000                __Vectors
                0x000000c8                __Vectors_End = .
                0x000000c8                __Vectors_Size = (__Vectors_End - __Vectors)
                0x000000c8                __end__ = .
 *(.text*)
 .text          0x000000c8       0x54 /home/vbhadra/Downloads/SimplicityStudio_v4/developer/toolchains/gnu_arm/4.8_2013q4/bin/../lib/gcc/arm-none-eabi/4.8.3/armv7e-m/softfp/crtbegin.o
 .text          0x0000011c       0x74 /home/vbhadra/Downloads/SimplicityStudio_v4/developer/toolchains/gnu_arm/4.8_2013q4/bin/../lib/gcc/arm-none-eabi/4.8.3/../../../../arm-none-eabi/lib/armv7e-m/softfp/crt0.o
                0x0000011c                _mainCRTStartup
                0x0000011c                _start
 .text          0x00000190       0x30 ./CMSIS/EFR32BG1B/startup_gcc_efr32bg1b.o
                0x00000190                Reset_Handler
                0x000001bc                DebugMon_Handler
                0x000001bc                USART0_TX_IRQHandler
                0x000001bc                I2C0_IRQHandler
                0x000001bc                HardFault_Handler
                0x000001bc                SysTick_Handler
                0x000001bc                USART1_RX_IRQHandler
                0x000001bc                PendSV_Handler
                0x000001bc                NMI_Handler
                0x000001bc                SYNTH_IRQHandler
                0x000001bc                WDOG0_IRQHandler
                0x000001bc                USART1_TX_IRQHandler
                0x000001bc                MSC_IRQHandler
                0x000001bc                ADC0_IRQHandler
                0x000001bc                UsageFault_Handler
                0x000001bc                LEUART0_IRQHandler
                0x000001bc                FPUEH_IRQHandler
                0x000001bc                GPIO_EVEN_IRQHandler
                0x000001bc                LDMA_IRQHandler
                0x000001bc                TIMER0_IRQHandler
                0x000001bc                LETIMER0_IRQHandler
                0x000001bc                TIMER1_IRQHandler
                0x000001bc                RFSENSE_IRQHandler
                0x000001bc                BUFC_IRQHandler
                0x000001bc                MODEM_IRQHandler
                0x000001bc                Default_Handler
                0x000001bc                RAC_SEQ_IRQHandler
                0x000001bc                FRC_PRI_IRQHandler
                0x000001bc                EMU_IRQHandler
                0x000001bc                FRC_IRQHandler
                0x000001bc                CRYOTIMER_IRQHandler
                0x000001bc                PCNT0_IRQHandler
                0x000001bc                AGC_IRQHandler
                0x000001bc                sl_app_properties
                0x000001bc                ACMP0_IRQHandler
                0x000001bc                USART0_RX_IRQHandler
                0x000001bc                MemManage_Handler
                0x000001bc                SVC_Handler
                0x000001bc                RTCC_IRQHandler
                0x000001bc                CRYPTO_IRQHandler
                0x000001bc                CMU_IRQHandler
                0x000001bc                RAC_RSM_IRQHandler
                0x000001bc                GPIO_ODD_IRQHandler
                0x000001bc                PROTIMER_IRQHandler
                0x000001bc                BusFault_Handler
                0x000001bc                IDAC0_IRQHandler
 .text.SystemCoreClockGet
                0x000001c0       0x44 ./CMSIS/EFR32BG1B/system_efr32bg1b.o
                0x000001c0                SystemCoreClockGet
 .text.SystemHFClockGet
                0x00000204       0x70 ./CMSIS/EFR32BG1B/system_efr32bg1b.o
                0x00000204                SystemHFClockGet
 .text.SystemHFXOClockGet
                0x00000274       0x18 ./CMSIS/EFR32BG1B/system_efr32bg1b.o
                0x00000274                SystemHFXOClockGet
 .text.SystemInit
                0x0000028c       0x68 ./CMSIS/EFR32BG1B/system_efr32bg1b.o
                0x0000028c                SystemInit
 .text.SystemLFRCOClockGet
                0x000002f4       0x14 ./CMSIS/EFR32BG1B/system_efr32bg1b.o
                0x000002f4                SystemLFRCOClockGet
 .text.SystemULFRCOClockGet
                0x00000308       0x14 ./CMSIS/EFR32BG1B/system_efr32bg1b.o
                0x00000308                SystemULFRCOClockGet
 .text.SystemLFXOClockGet
                0x0000031c       0x18 ./CMSIS/EFR32BG1B/system_efr32bg1b.o
                0x0000031c                SystemLFXOClockGet
 .text.BUS_RegBitWrite
                0x00000334       0x2c ./emlib/em_cmu.o
 .text.SL_Log2ToDiv
                0x00000360       0x1c ./emlib/em_cmu.o
 .text.auxClkGet
                0x0000037c       0x20 ./emlib/em_cmu.o
 .text.hfSrcClkGet
                0x0000039c       0x2c ./emlib/em_cmu.o
 .text.dbgClkGet
                0x000003c8       0x40 ./emlib/em_cmu.o
 .text.adcAsyncClkGet
                0x00000408       0x80 ./emlib/em_cmu.o
 .text.lfClkGet
                0x00000488       0xf4 ./emlib/em_cmu.o
 .text.syncReg  0x0000057c       0x38 ./emlib/em_cmu.o
 .text.CMU_ClockEnable
                0x000005b4       0xcc ./emlib/em_cmu.o
                0x000005b4                CMU_ClockEnable
 .text.CMU_ClockFreqGet
                0x00000680      0x1ac ./emlib/em_cmu.o
                0x00000680                CMU_ClockFreqGet
 .text.CMU_ClockSelectGet
                0x0000082c      0x19c ./emlib/em_cmu.o
                0x0000082c                CMU_ClockSelectGet
 .text.BUS_RegMaskedSet
                0x000009c8       0x24 ./emlib/em_gpio.o
 .text.BUS_RegMaskedClear
                0x000009ec       0x24 ./emlib/em_gpio.o
 .text.GPIO_PinOutClear
                0x00000a10       0x58 ./emlib/em_gpio.o
 .text.GPIO_PinOutSet
                0x00000a68       0x58 ./emlib/em_gpio.o
 .text.GPIO_PinModeSet
                0x00000ac0      0x110 ./emlib/em_gpio.o
                0x00000ac0                GPIO_PinModeSet
 .text.SYSTEM_ChipRevisionGet
                0x00000bd0       0x78 ./emlib/em_system.o
                0x00000bd0                SYSTEM_ChipRevisionGet
 .text.prsRxInput
                0x00000c48       0x20 ./emlib/em_usart.o
 .text.USART_BaudrateAsyncSet
                0x00000c68       0xb0 ./emlib/em_usart.o
                0x00000c68                USART_BaudrateAsyncSet
 .text.USART_Enable
                0x00000d18       0x4c ./emlib/em_usart.o
                0x00000d18                USART_Enable
 .text.USART_InitAsync
                0x00000d64       0xd4 ./emlib/em_usart.o
                0x00000d64                USART_InitAsync
 .text.USART_Reset
                0x00000e38       0xa0 ./emlib/em_usart.o
                0x00000e38                USART_Reset
 .text.USART_Tx
                0x00000ed8       0x2c ./emlib/em_usart.o
                0x00000ed8                USART_Tx
 .text.SYSTEM_GetProdRev
                0x00000f04       0x1c ./src/main.o
 .text.BUS_RegBitWrite
                0x00000f20       0x2c ./src/main.o
 .text.CHIP_Init
                0x00000f4c       0xc0 ./src/main.o
 .text.main     0x0000100c       0xa4 ./src/main.o
                0x0000100c                main
 .text.exit     0x000010b0       0x28 /home/vbhadra/Downloads/SimplicityStudio_v4/developer/toolchains/gnu_arm/4.8_2013q4/bin/../lib/gcc/arm-none-eabi/4.8.3/../../../../arm-none-eabi/lib/armv7e-m/softfp/libc_s.a(lib_a-exit.o)
                0x000010b0                exit
 .text.__libc_init_array
                0x000010d8       0x4c /home/vbhadra/Downloads/SimplicityStudio_v4/developer/toolchains/gnu_arm/4.8_2013q4/bin/../lib/gcc/arm-none-eabi/4.8.3/../../../../arm-none-eabi/lib/armv7e-m/softfp/libc_s.a(lib_a-init.o)
                0x000010d8                __libc_init_array
 .text.memset   0x00001124       0x10 /home/vbhadra/Downloads/SimplicityStudio_v4/developer/toolchains/gnu_arm/4.8_2013q4/bin/../lib/gcc/arm-none-eabi/4.8.3/../../../../arm-none-eabi/lib/armv7e-m/softfp/libc_s.a(lib_a-memset.o)
                0x00001124                memset
 .text._exit    0x00001134        0x4 /home/vbhadra/Downloads/SimplicityStudio_v4/developer/toolchains/gnu_arm/4.8_2013q4/bin/../lib/gcc/arm-none-eabi/4.8.3/../../../../arm-none-eabi/lib/armv7e-m/softfp/libnosys.a(_exit.o)
                0x00001134                _exit
 *(.init)
 .init          0x00001138        0x4 /home/vbhadra/Downloads/SimplicityStudio_v4/developer/toolchains/gnu_arm/4.8_2013q4/bin/../lib/gcc/arm-none-eabi/4.8.3/armv7e-m/softfp/crti.o
                0x00001138                _init
 .init          0x0000113c        0x8 /home/vbhadra/Downloads/SimplicityStudio_v4/developer/toolchains/gnu_arm/4.8_2013q4/bin/../lib/gcc/arm-none-eabi/4.8.3/armv7e-m/softfp/crtn.o
 *(.fini)
 .fini          0x00001144        0x4 /home/vbhadra/Downloads/SimplicityStudio_v4/developer/toolchains/gnu_arm/4.8_2013q4/bin/../lib/gcc/arm-none-eabi/4.8.3/armv7e-m/softfp/crti.o
                0x00001144                _fini
 .fini          0x00001148        0x8 /home/vbhadra/Downloads/SimplicityStudio_v4/developer/toolchains/gnu_arm/4.8_2013q4/bin/../lib/gcc/arm-none-eabi/4.8.3/armv7e-m/softfp/crtn.o
 *crtbegin.o(.ctors)
 *crtbegin?.o(.ctors)
 *(EXCLUDE_FILE(*crtend.o *crtend?.o) .ctors)
 *(SORT(.ctors.*))
 *(.ctors)
 *crtbegin.o(.dtors)
 *crtbegin?.o(.dtors)
 *(EXCLUDE_FILE(*crtend.o *crtend?.o) .dtors)
 *(SORT(.dtors.*))
 *(.dtors)
 *(.rodata*)
 .rodata        0x00001150       0x1c ./src/main.o
 .rodata.str1.1
                0x0000116c        0x2 /home/vbhadra/Downloads/SimplicityStudio_v4/developer/toolchains/gnu_arm/4.8_2013q4/bin/../lib/gcc/arm-none-eabi/4.8.3/../../../../arm-none-eabi/lib/armv7e-m/softfp/libc_s.a(lib_a-impure.o)
 *fill*         0x0000116e        0x2 
 .rodata._global_impure_ptr
                0x00001170        0x4 /home/vbhadra/Downloads/SimplicityStudio_v4/developer/toolchains/gnu_arm/4.8_2013q4/bin/../lib/gcc/arm-none-eabi/4.8.3/../../../../arm-none-eabi/lib/armv7e-m/softfp/libc_s.a(lib_a-impure.o)
                0x00001170                _global_impure_ptr
 *(.eh_frame*)
 .eh_frame      0x00001174        0x0 /home/vbhadra/Downloads/SimplicityStudio_v4/developer/toolchains/gnu_arm/4.8_2013q4/bin/../lib/gcc/arm-none-eabi/4.8.3/armv7e-m/softfp/crtbegin.o
 .eh_frame      0x00001174        0x4 /home/vbhadra/Downloads/SimplicityStudio_v4/developer/toolchains/gnu_arm/4.8_2013q4/bin/../lib/gcc/arm-none-eabi/4.8.3/armv7e-m/softfp/crtend.o

.glue_7         0x00001178        0x0
 .glue_7        0x00000000        0x0 linker stubs

.glue_7t        0x00001178        0x0
 .glue_7t       0x00000000        0x0 linker stubs

.vfp11_veneer   0x00001178        0x0
 .vfp11_veneer  0x00000000        0x0 linker stubs

.v4_bx          0x00001178        0x0
 .v4_bx         0x00000000        0x0 linker stubs

.iplt           0x00001178        0x0
 .iplt          0x00000000        0x0 /home/vbhadra/Downloads/SimplicityStudio_v4/developer/toolchains/gnu_arm/4.8_2013q4/bin/../lib/gcc/arm-none-eabi/4.8.3/armv7e-m/softfp/crtbegin.o

.ARM.extab
 *(.ARM.extab* .gnu.linkonce.armextab.*)
                0x00001178                __exidx_start = .

.ARM.exidx      0x00001178        0x8
 *(.ARM.exidx* .gnu.linkonce.armexidx.*)
 .ARM.exidx     0x00001178        0x8 /home/vbhadra/Downloads/SimplicityStudio_v4/developer/toolchains/gnu_arm/4.8_2013q4/bin/../lib/gcc/arm-none-eabi/4.8.3/../../../../arm-none-eabi/lib/armv7e-m/softfp/crt0.o
                0x00001180                __exidx_end = .
                0x00001180                __etext = .

.rel.dyn        0x00001180        0x0
 .rel.iplt      0x00000000        0x0 /home/vbhadra/Downloads/SimplicityStudio_v4/developer/toolchains/gnu_arm/4.8_2013q4/bin/../lib/gcc/arm-none-eabi/4.8.3/armv7e-m/softfp/crtbegin.o

.data           0x20000000       0x80 load address 0x00001180
                0x20000000                __data_start__ = .
 *(vtable)
 *(.data*)
 .data.SystemHFXOClock
                0x20000000        0x4 ./CMSIS/EFR32BG1B/system_efr32bg1b.o
 .data.SystemLFXOClock
                0x20000004        0x4 ./CMSIS/EFR32BG1B/system_efr32bg1b.o
 .data.SystemCoreClock
                0x20000008        0x4 ./CMSIS/EFR32BG1B/system_efr32bg1b.o
                0x20000008                SystemCoreClock
 .data.SystemHfrcoFreq
                0x2000000c        0x4 ./CMSIS/EFR32BG1B/system_efr32bg1b.o
                0x2000000c                SystemHfrcoFreq
 .data.auxHfrcoFreq
                0x20000010        0x4 ./emlib/em_cmu.o
 .data.impure_data
                0x20000014       0x60 /home/vbhadra/Downloads/SimplicityStudio_v4/developer/toolchains/gnu_arm/4.8_2013q4/bin/../lib/gcc/arm-none-eabi/4.8.3/../../../../arm-none-eabi/lib/armv7e-m/softfp/libc_s.a(lib_a-impure.o)
                0x20000074                . = ALIGN (0x4)
                0x20000074                PROVIDE (__ram_func_section_start, .)
 *(.ram)
                0x20000074                PROVIDE (__ram_func_section_end, .)
                0x20000074                . = ALIGN (0x4)
                0x20000074                PROVIDE (__preinit_array_start, .)
 *(.preinit_array)
                0x20000074                PROVIDE (__preinit_array_end, .)
                0x20000074                . = ALIGN (0x4)
                0x20000074                PROVIDE (__init_array_start, .)
 *(SORT(.init_array.*))
 *(.init_array)
 .init_array    0x20000074        0x4 /home/vbhadra/Downloads/SimplicityStudio_v4/developer/toolchains/gnu_arm/4.8_2013q4/bin/../lib/gcc/arm-none-eabi/4.8.3/armv7e-m/softfp/crtbegin.o
                0x20000078                PROVIDE (__init_array_end, .)
                0x20000078                . = ALIGN (0x4)
                0x20000078                PROVIDE (__fini_array_start, .)
 *(SORT(.fini_array.*))
 *(.fini_array)
 .fini_array    0x20000078        0x4 /home/vbhadra/Downloads/SimplicityStudio_v4/developer/toolchains/gnu_arm/4.8_2013q4/bin/../lib/gcc/arm-none-eabi/4.8.3/armv7e-m/softfp/crtbegin.o
                0x2000007c                PROVIDE (__fini_array_end, .)
 *(.jcr*)
 .jcr           0x2000007c        0x0 /home/vbhadra/Downloads/SimplicityStudio_v4/developer/toolchains/gnu_arm/4.8_2013q4/bin/../lib/gcc/arm-none-eabi/4.8.3/armv7e-m/softfp/crtbegin.o
 .jcr           0x2000007c        0x4 /home/vbhadra/Downloads/SimplicityStudio_v4/developer/toolchains/gnu_arm/4.8_2013q4/bin/../lib/gcc/arm-none-eabi/4.8.3/armv7e-m/softfp/crtend.o
                0x20000080                . = ALIGN (0x4)
                0x20000080                __data_end__ = .

.igot.plt       0x20000080        0x0 load address 0x00001200
 .igot.plt      0x00000000        0x0 /home/vbhadra/Downloads/SimplicityStudio_v4/developer/toolchains/gnu_arm/4.8_2013q4/bin/../lib/gcc/arm-none-eabi/4.8.3/armv7e-m/softfp/crtbegin.o

.bss            0x20000080       0x1c load address 0x00001200
                0x20000080                . = ALIGN (0x4)
                0x20000080                __bss_start__ = .
 *(.bss*)
 .bss           0x20000080       0x1c /home/vbhadra/Downloads/SimplicityStudio_v4/developer/toolchains/gnu_arm/4.8_2013q4/bin/../lib/gcc/arm-none-eabi/4.8.3/armv7e-m/softfp/crtbegin.o
 *(COMMON)
                0x2000009c                . = ALIGN (0x4)
                0x2000009c                __bss_end__ = .

.heap           0x200000a0      0xc00
                0x200000a0                __HeapBase = .
                0x200000a0                __end__ = .
                0x200000a0                end = __end__
                0x200000a0                _end = __end__
 *(.heap*)
 .heap          0x200000a0      0xc00 ./CMSIS/EFR32BG1B/startup_gcc_efr32bg1b.o
                0x20000ca0                __HeapLimit = .

.stack_dummy    0x200000a0      0x400
 *(.stack*)
 .stack         0x200000a0      0x400 ./CMSIS/EFR32BG1B/startup_gcc_efr32bg1b.o
                0x20008000                __StackTop = (ORIGIN (RAM) + 0x8000)
                0x20007c00                __StackLimit = (__StackTop - SIZEOF (.stack_dummy))
                0x20008000                PROVIDE (__stack, __StackTop)
                0x00000001                ASSERT ((__StackLimit >= __HeapLimit), region RAM overflowed with stack)
                0x00000001                ASSERT ((0x40000 >= (__etext + SIZEOF (.data))), FLASH memory overflowed !)
OUTPUT(Sample_2.axf elf32-littlearm)

.ARM.attributes
                0x00000000       0x2e
 .ARM.attributes
                0x00000000       0x22 /home/vbhadra/Downloads/SimplicityStudio_v4/developer/toolchains/gnu_arm/4.8_2013q4/bin/../lib/gcc/arm-none-eabi/4.8.3/armv7e-m/softfp/crti.o
 .ARM.attributes
                0x00000022       0x32 /home/vbhadra/Downloads/SimplicityStudio_v4/developer/toolchains/gnu_arm/4.8_2013q4/bin/../lib/gcc/arm-none-eabi/4.8.3/armv7e-m/softfp/crtbegin.o
 .ARM.attributes
                0x00000054       0x20 /home/vbhadra/Downloads/SimplicityStudio_v4/developer/toolchains/gnu_arm/4.8_2013q4/bin/../lib/gcc/arm-none-eabi/4.8.3/../../../../arm-none-eabi/lib/armv7e-m/softfp/crt0.o
 .ARM.attributes
                0x00000074       0x1f ./CMSIS/EFR32BG1B/startup_gcc_efr32bg1b.o
 .ARM.attributes
                0x00000093       0x37 ./CMSIS/EFR32BG1B/system_efr32bg1b.o
 .ARM.attributes
                0x000000ca       0x37 ./emlib/em_cmu.o
 .ARM.attributes
                0x00000101       0x37 ./emlib/em_gpio.o
 .ARM.attributes
                0x00000138       0x37 ./emlib/em_system.o
 .ARM.attributes
                0x0000016f       0x37 ./emlib/em_usart.o
 .ARM.attributes
                0x000001a6       0x37 ./src/main.o
 .ARM.attributes
                0x000001dd       0x32 /home/vbhadra/Downloads/SimplicityStudio_v4/developer/toolchains/gnu_arm/4.8_2013q4/bin/../lib/gcc/arm-none-eabi/4.8.3/../../../../arm-none-eabi/lib/armv7e-m/softfp/libc_s.a(lib_a-exit.o)
 .ARM.attributes
                0x0000020f       0x32 /home/vbhadra/Downloads/SimplicityStudio_v4/developer/toolchains/gnu_arm/4.8_2013q4/bin/../lib/gcc/arm-none-eabi/4.8.3/../../../../arm-none-eabi/lib/armv7e-m/softfp/libc_s.a(lib_a-impure.o)
 .ARM.attributes
                0x00000241       0x32 /home/vbhadra/Downloads/SimplicityStudio_v4/developer/toolchains/gnu_arm/4.8_2013q4/bin/../lib/gcc/arm-none-eabi/4.8.3/../../../../arm-none-eabi/lib/armv7e-m/softfp/libc_s.a(lib_a-init.o)
 .ARM.attributes
                0x00000273       0x32 /home/vbhadra/Downloads/SimplicityStudio_v4/developer/toolchains/gnu_arm/4.8_2013q4/bin/../lib/gcc/arm-none-eabi/4.8.3/../../../../arm-none-eabi/lib/armv7e-m/softfp/libc_s.a(lib_a-memset.o)
 .ARM.attributes
                0x000002a5       0x32 /home/vbhadra/Downloads/SimplicityStudio_v4/developer/toolchains/gnu_arm/4.8_2013q4/bin/../lib/gcc/arm-none-eabi/4.8.3/../../../../arm-none-eabi/lib/armv7e-m/softfp/libnosys.a(_exit.o)
 .ARM.attributes
                0x000002d7       0x32 /home/vbhadra/Downloads/SimplicityStudio_v4/developer/toolchains/gnu_arm/4.8_2013q4/bin/../lib/gcc/arm-none-eabi/4.8.3/armv7e-m/softfp/crtend.o
 .ARM.attributes
                0x00000309       0x22 /home/vbhadra/Downloads/SimplicityStudio_v4/developer/toolchains/gnu_arm/4.8_2013q4/bin/../lib/gcc/arm-none-eabi/4.8.3/armv7e-m/softfp/crtn.o

.comment        0x00000000       0x70
 .comment       0x00000000       0x70 ./CMSIS/EFR32BG1B/system_efr32bg1b.o
                                 0x71 (size before relaxing)
 .comment       0x00000000       0x71 ./emlib/em_cmu.o
 .comment       0x00000000       0x71 ./emlib/em_gpio.o
 .comment       0x00000000       0x71 ./emlib/em_system.o
 .comment       0x00000000       0x71 ./emlib/em_usart.o
 .comment       0x00000000       0x71 ./src/main.o

.debug_line     0x00000000     0x3e78
 .debug_line    0x00000000       0x76 ./CMSIS/EFR32BG1B/startup_gcc_efr32bg1b.o
 .debug_line    0x00000076      0x7b6 ./CMSIS/EFR32BG1B/system_efr32bg1b.o
 .debug_line    0x0000082c     0x10b3 ./emlib/em_cmu.o
 .debug_line    0x000018df      0x932 ./emlib/em_gpio.o
 .debug_line    0x00002211      0x7b5 ./emlib/em_system.o
 .debug_line    0x000029c6      0xb14 ./emlib/em_usart.o
 .debug_line    0x000034da      0x99e ./src/main.o

.debug_info     0x00000000     0x57d3
 .debug_info    0x00000000       0x9f ./CMSIS/EFR32BG1B/startup_gcc_efr32bg1b.o
 .debug_info    0x0000009f      0xadd ./CMSIS/EFR32BG1B/system_efr32bg1b.o
 .debug_info    0x00000b7c     0x1b14 ./emlib/em_cmu.o
 .debug_info    0x00002690      0xa06 ./emlib/em_gpio.o
 .debug_info    0x00003096      0x259 ./emlib/em_system.o
 .debug_info    0x000032ef      0xf19 ./emlib/em_usart.o
 .debug_info    0x00004208     0x15cb ./src/main.o

.debug_abbrev   0x00000000      0xaf3
 .debug_abbrev  0x00000000       0x14 ./CMSIS/EFR32BG1B/startup_gcc_efr32bg1b.o
 .debug_abbrev  0x00000014      0x1bd ./CMSIS/EFR32BG1B/system_efr32bg1b.o
 .debug_abbrev  0x000001d1      0x2d4 ./emlib/em_cmu.o
 .debug_abbrev  0x000004a5      0x1ec ./emlib/em_gpio.o
 .debug_abbrev  0x00000691      0x10c ./emlib/em_system.o
 .debug_abbrev  0x0000079d      0x1cb ./emlib/em_usart.o
 .debug_abbrev  0x00000968      0x18b ./src/main.o

.debug_aranges  0x00000000      0x3e0
 .debug_aranges
                0x00000000       0x20 ./CMSIS/EFR32BG1B/startup_gcc_efr32bg1b.o
 .debug_aranges
                0x00000020       0x68 ./CMSIS/EFR32BG1B/system_efr32bg1b.o
 .debug_aranges
                0x00000088      0x1a0 ./emlib/em_cmu.o
 .debug_aranges
                0x00000228       0x88 ./emlib/em_gpio.o
 .debug_aranges
                0x000002b0       0x28 ./emlib/em_system.o
 .debug_aranges
                0x000002d8       0xd0 ./emlib/em_usart.o
 .debug_aranges
                0x000003a8       0x38 ./src/main.o

.debug_loc      0x00000000     0x15aa
 .debug_loc     0x00000000      0x1e8 ./CMSIS/EFR32BG1B/system_efr32bg1b.o
 .debug_loc     0x000001e8      0xa64 ./emlib/em_cmu.o
 .debug_loc     0x00000c4c      0x310 ./emlib/em_gpio.o
 .debug_loc     0x00000f5c       0x70 ./emlib/em_system.o
 .debug_loc     0x00000fcc      0x50a ./emlib/em_usart.o
 .debug_loc     0x000014d6       0xd4 ./src/main.o

.debug_ranges   0x00000000      0x360
 .debug_ranges  0x00000000       0x58 ./CMSIS/EFR32BG1B/system_efr32bg1b.o
 .debug_ranges  0x00000058      0x190 ./emlib/em_cmu.o
 .debug_ranges  0x000001e8       0x78 ./emlib/em_gpio.o
 .debug_ranges  0x00000260       0x18 ./emlib/em_system.o
 .debug_ranges  0x00000278       0xc0 ./emlib/em_usart.o
 .debug_ranges  0x00000338       0x28 ./src/main.o

.debug_macro    0x00000000    0x22787
 .debug_macro   0x00000000      0x23a ./CMSIS/EFR32BG1B/system_efr32bg1b.o
 .debug_macro   0x0000023a      0x862 ./CMSIS/EFR32BG1B/system_efr32bg1b.o
 .debug_macro   0x00000a9c       0x52 ./CMSIS/EFR32BG1B/system_efr32bg1b.o
 .debug_macro   0x00000aee       0x16 ./CMSIS/EFR32BG1B/system_efr32bg1b.o
 .debug_macro   0x00000b04       0x35 ./CMSIS/EFR32BG1B/system_efr32bg1b.o
 .debug_macro   0x00000b39       0xa3 ./CMSIS/EFR32BG1B/system_efr32bg1b.o
 .debug_macro   0x00000bdc      0x20e ./CMSIS/EFR32BG1B/system_efr32bg1b.o
 .debug_macro   0x00000dea      0x34b ./CMSIS/EFR32BG1B/system_efr32bg1b.o
 .debug_macro   0x00001135       0x1c ./CMSIS/EFR32BG1B/system_efr32bg1b.o
 .debug_macro   0x00001151       0x22 ./CMSIS/EFR32BG1B/system_efr32bg1b.o
 .debug_macro   0x00001173       0xdf ./CMSIS/EFR32BG1B/system_efr32bg1b.o
 .debug_macro   0x00001252      0xff5 ./CMSIS/EFR32BG1B/system_efr32bg1b.o
 .debug_macro   0x00002247       0xe2 ./CMSIS/EFR32BG1B/system_efr32bg1b.o
 .debug_macro   0x00002329      0xa6a ./CMSIS/EFR32BG1B/system_efr32bg1b.o
 .debug_macro   0x00002d93     0x1998 ./CMSIS/EFR32BG1B/system_efr32bg1b.o
 .debug_macro   0x0000472b      0x32a ./CMSIS/EFR32BG1B/system_efr32bg1b.o
 .debug_macro   0x00004a55     0x2a51 ./CMSIS/EFR32BG1B/system_efr32bg1b.o
 .debug_macro   0x000074a6     0x1b2f ./CMSIS/EFR32BG1B/system_efr32bg1b.o
 .debug_macro   0x00008fd5     0x2173 ./CMSIS/EFR32BG1B/system_efr32bg1b.o
 .debug_macro   0x0000b148     0x1770 ./CMSIS/EFR32BG1B/system_efr32bg1b.o
 .debug_macro   0x0000c8b8      0xbee ./CMSIS/EFR32BG1B/system_efr32bg1b.o
 .debug_macro   0x0000d4a6      0x345 ./CMSIS/EFR32BG1B/system_efr32bg1b.o
 .debug_macro   0x0000d7eb      0x29e ./CMSIS/EFR32BG1B/system_efr32bg1b.o
 .debug_macro   0x0000da89     0x2764 ./CMSIS/EFR32BG1B/system_efr32bg1b.o
 .debug_macro   0x000101ed     0x31cd ./CMSIS/EFR32BG1B/system_efr32bg1b.o
 .debug_macro   0x000133ba     0x136c ./CMSIS/EFR32BG1B/system_efr32bg1b.o
 .debug_macro   0x00014726      0xde3 ./CMSIS/EFR32BG1B/system_efr32bg1b.o
 .debug_macro   0x00015509      0x23c ./CMSIS/EFR32BG1B/system_efr32bg1b.o
 .debug_macro   0x00015745     0x1043 ./CMSIS/EFR32BG1B/system_efr32bg1b.o
 .debug_macro   0x00016788     0x1606 ./CMSIS/EFR32BG1B/system_efr32bg1b.o
 .debug_macro   0x00017d8e     0x38e4 ./CMSIS/EFR32BG1B/system_efr32bg1b.o
 .debug_macro   0x0001b672     0x2290 ./CMSIS/EFR32BG1B/system_efr32bg1b.o
 .debug_macro   0x0001d902      0x618 ./CMSIS/EFR32BG1B/system_efr32bg1b.o
 .debug_macro   0x0001df1a      0xfb0 ./CMSIS/EFR32BG1B/system_efr32bg1b.o
 .debug_macro   0x0001eeca      0x6b6 ./CMSIS/EFR32BG1B/system_efr32bg1b.o
 .debug_macro   0x0001f580     0x12f8 ./CMSIS/EFR32BG1B/system_efr32bg1b.o
 .debug_macro   0x00020878       0x40 ./CMSIS/EFR32BG1B/system_efr32bg1b.o
 .debug_macro   0x000208b8      0x1d2 ./CMSIS/EFR32BG1B/system_efr32bg1b.o
 .debug_macro   0x00020a8a      0x1fa ./CMSIS/EFR32BG1B/system_efr32bg1b.o
 .debug_macro   0x00020c84       0xc4 ./CMSIS/EFR32BG1B/system_efr32bg1b.o
 .debug_macro   0x00020d48       0x35 ./CMSIS/EFR32BG1B/system_efr32bg1b.o
 .debug_macro   0x00020d7d      0x15a ./CMSIS/EFR32BG1B/system_efr32bg1b.o
 .debug_macro   0x00020ed7      0x15a ./CMSIS/EFR32BG1B/system_efr32bg1b.o
 .debug_macro   0x00021031      0x30e ./emlib/em_cmu.o
 .debug_macro   0x0002133f       0x2b ./emlib/em_cmu.o
 .debug_macro   0x0002136a       0xee ./emlib/em_cmu.o
 .debug_macro   0x00021458       0x73 ./emlib/em_cmu.o
 .debug_macro   0x000214cb      0x24d ./emlib/em_gpio.o
 .debug_macro   0x00021718      0x23b ./emlib/em_system.o
 .debug_macro   0x00021953      0x295 ./emlib/em_usart.o
 .debug_macro   0x00021be8       0xeb ./emlib/em_usart.o
 .debug_macro   0x00021cd3      0x344 ./src/main.o
 .debug_macro   0x00022017       0xf1 ./src/main.o
 .debug_macro   0x00022108      0x1de ./src/main.o
 .debug_macro   0x000222e6       0xa6 ./src/main.o
 .debug_macro   0x0002238c       0x16 ./src/main.o
 .debug_macro   0x000223a2       0x97 ./src/main.o
 .debug_macro   0x00022439       0x10 ./src/main.o
 .debug_macro   0x00022449       0xef ./src/main.o
 .debug_macro   0x00022538       0x10 ./src/main.o
 .debug_macro   0x00022548       0x22 ./src/main.o
 .debug_macro   0x0002256a       0xbd ./src/main.o
 .debug_macro   0x00022627       0x16 ./src/main.o
 .debug_macro   0x0002263d      0x14a ./src/main.o

.debug_str      0x00000000    0xeba82
 .debug_str     0x00000000    0xe4fcc ./CMSIS/EFR32BG1B/system_efr32bg1b.o
                              0xe51ae (size before relaxing)
 .debug_str     0x000e4fcc     0x303e ./emlib/em_cmu.o
                              0xe8024 (size before relaxing)
 .debug_str     0x000e800a      0x48c ./emlib/em_gpio.o
                              0xe5a73 (size before relaxing)
 .debug_str     0x000e8496       0xea ./emlib/em_system.o
                              0xe4ff1 (size before relaxing)
 .debug_str     0x000e8580      0xe91 ./emlib/em_usart.o
                              0xe72ff (size before relaxing)
 .debug_str     0x000e9411     0x2671 ./src/main.o
                              0xe9f76 (size before relaxing)

.debug_frame    0x00000000      0xcac
 .debug_frame   0x00000000      0x11c ./CMSIS/EFR32BG1B/system_efr32bg1b.o
 .debug_frame   0x0000011c      0x5c0 ./emlib/em_cmu.o
 .debug_frame   0x000006dc      0x1b4 ./emlib/em_gpio.o
 .debug_frame   0x00000890       0x48 ./emlib/em_system.o
 .debug_frame   0x000008d8      0x2b8 ./emlib/em_usart.o
 .debug_frame   0x00000b90       0x88 ./src/main.o
 .debug_frame   0x00000c18       0x28 /home/vbhadra/Downloads/SimplicityStudio_v4/developer/toolchains/gnu_arm/4.8_2013q4/bin/../lib/gcc/arm-none-eabi/4.8.3/../../../../arm-none-eabi/lib/armv7e-m/softfp/libc_s.a(lib_a-exit.o)
 .debug_frame   0x00000c40       0x2c /home/vbhadra/Downloads/SimplicityStudio_v4/developer/toolchains/gnu_arm/4.8_2013q4/bin/../lib/gcc/arm-none-eabi/4.8.3/../../../../arm-none-eabi/lib/armv7e-m/softfp/libc_s.a(lib_a-init.o)
 .debug_frame   0x00000c6c       0x20 /home/vbhadra/Downloads/SimplicityStudio_v4/developer/toolchains/gnu_arm/4.8_2013q4/bin/../lib/gcc/arm-none-eabi/4.8.3/../../../../arm-none-eabi/lib/armv7e-m/softfp/libc_s.a(lib_a-memset.o)
 .debug_frame   0x00000c8c       0x20 /home/vbhadra/Downloads/SimplicityStudio_v4/developer/toolchains/gnu_arm/4.8_2013q4/bin/../lib/gcc/arm-none-eabi/4.8.3/../../../../arm-none-eabi/lib/armv7e-m/softfp/libnosys.a(_exit.o)
